../Core/Src/main.c:59:8:Create_Matrix	128	static
../Core/Src/main.c:86:8:Multiply	128	static
../Core/Src/main.c:113:8:Sum	112	static
../Core/Src/main.c:138:8:Minus	112	static
../Core/Src/main.c:163:8:Transpose	112	static
../Core/Src/main.c:187:8:Inverse	112	static
../Core/Src/main.c:212:8:Store	112	static
../Core/Src/main.c:266:5:main	560	static
../Core/Src/main.c:337:6:SystemClock_Config	88	static
../Core/Src/main.c:382:13:MX_TIM1_Init	56	static
../Core/Src/main.c:432:13:MX_TIM4_Init	32	static
../Core/Src/main.c:477:13:MX_USART2_UART_Init	8	static
../Core/Src/main.c:510:13:MX_GPIO_Init	48	static
../Core/Src/main.c:540:6:HAL_TIM_PeriodElapsedCallback	984	static
../Core/Src/main.c:582:6:Error_Handler	4	static,ignoring_inline_asm
